ESP-ROM:esp32c6-20220919
Build:Sep 19 2022
rst:0x1 (POWERON),boot:0xc (SPI_FAST_FLASH_BOOT)
SPIWP:0xee
mode:DIO, clock div:2
load:0x40875720,len:0x1804
load:0x4086c110,len:0xe2c
load:0x4086e610,len:0x2e5c
entry 0x4086c11a
[0;32mI (23) boot: ESP-IDF v5.3.1 2nd stage bootloader[0m
[0;32mI (24) boot: compile time Nov  5 2024 17:07:25[0m
[0;32mI (24) boot: chip revision: v0.0[0m
[0;32mI (26) boot.esp32c6: SPI Speed      : 80MHz[0m
[0;32mI (31) boot.esp32c6: SPI Mode       : DIO[0m
[0;32mI (36) boot.esp32c6: SPI Flash Size : 2MB[0m
[0;32mI (41) boot: Enabling RNG early entropy source...[0m
[0;32mI (46) boot: Partition Table:[0m
[0;32mI (50) boot: ## Label            Usage          Type ST Offset   Length[0m
[0;32mI (57) boot:  0 nvs              WiFi data        01 02 00009000 00006000[0m
[0;32mI (64) boot:  1 phy_init         RF data          01 01 0000f000 00001000[0m
[0;32mI (72) boot:  2 factory          factory app      00 00 00010000 00100000[0m
[0;32mI (79) boot: End of partition table[0m
[0;32mI (83) esp_image: segment 0: paddr=00010020 vaddr=42018020 size=094a4h ( 38052) map[0m
[0;32mI (100) esp_image: segment 1: paddr=000194cc vaddr=40800000 size=06b4ch ( 27468) load[0m
[0;32mI (107) esp_image: segment 2: paddr=00020020 vaddr=42000020 size=130d0h ( 78032) map[0m
[0;32mI (125) esp_image: segment 3: paddr=000330f8 vaddr=40806b4c size=03ec4h ( 16068) load[0m
[0;32mI (130) esp_image: segment 4: paddr=00036fc4 vaddr=4080aa10 size=01870h (  6256) load[0m
[0;32mI (132) esp_image: segment 5: paddr=0003883c vaddr=50000000 size=00004h (     4) load[0m
[0;32mI (142) boot: Loaded app from partition at offset 0x10000[0m
[0;32mI (145) boot: Disabling RNG early entropy source...[0m
[0;32mI (163) cpu_start: Unicore app[0m
[0;32mI (171) cpu_start: Pro cpu start user code[0m
[0;32mI (171) cpu_start: cpu freq: 160000000 Hz[0m
[0;32mI (172) app_init: Application information:[0m
[0;32mI (174) app_init: Project name:     drew-testing[0m
[0;32mI (179) app_init: App version:      f2e5385-dirty[0m
[0;32mI (185) app_init: Compile time:     Nov  5 2024 17:45:25[0m
[0;32mI (191) app_init: ELF file SHA256:  5e1c047bd...[0m
[0;32mI (196) app_init: ESP-IDF:          v5.3.1[0m
[0;32mI (201) efuse_init: Min chip rev:     v0.0[0m
[0;32mI (206) efuse_init: Max chip rev:     v0.99 [0m
[0;32mI (211) efuse_init: Chip rev:         v0.0[0m
[0;32mI (215) heap_init: Initializing. RAM available for dynamic allocation:[0m
[0;32mI (223) heap_init: At 4080D270 len 0006F3A0 (444 KiB): RAM[0m
[0;32mI (229) heap_init: At 4087C610 len 00002F54 (11 KiB): RAM[0m
[0;32mI (235) heap_init: At 50000004 len 00003FE4 (15 KiB): RTCRAM[0m
[0;32mI (242) spi_flash: detected chip: generic[0m
[0;32mI (246) spi_flash: flash io: dio[0m
[0;33mW (250) spi_flash: Detected size(8192k) larger than the size in the binary image header(2048k). Using the size in the binary image header.[0m
[0;32mI (263) sleep: Configure to isolate all GPIO pins in sleep state[0m
[0;32mI (270) sleep: Enable automatic switching of GPIO sleep configuration[0m
[0;32mI (277) coexist: coex firmware version: 4482466[0m
[0;32mI (291) coexist: coexist rom version 5b8dcfa[0m
[0;32mI (292) main_task: Started on CPU0[0m
[0;32mI (292) main_task: Calling app_main()[0m
[0;32mI (292) gpio: GPIO[5]| InputEn: 0| OutputEn: 0| OpenDrain: 0| Pullup: 0| Pulldown: 0| Intr:0 [0m
RAW ADC = 1280 RAW ADC = 1185 RAW ADC = 1233 RAW ADC = 1184 RAW ADC = 305 [0;33mW (4302) ADC_EXAMPLE: Voltage lower than 1000mV[0m
RAW ADC = 304 [0;33mW (5302) ADC_EXAMPLE: Voltage lower than 1000mV[0m
RAW ADC = 304 [0;33mW (6302) ADC_EXAMPLE: Voltage lower than 1000mV[0m
RAW ADC = 304 [0;33mW (7302) ADC_EXAMPLE: Voltage lower than 1000mV[0m
RAW ADC = 305 [0;33mW (8302) ADC_EXAMPLE: Voltage lower than 1000mV[0m
RAW ADC = 304 [0;33mW (9302) ADC_EXAMPLE: Voltage lower than 1000mV[0m
RAW ADC = 305 [0;33mW (10302) ADC_EXAMPLE: Voltage lower than 1000mV[0m
RAW ADC = 305 [0;33mW (11302) ADC_EXAMPLE: Voltage lower than 1000mV[0m
RAW ADC = 897 [0;33mW (12302) ADC_EXAMPLE: Voltage lower than 1000mV[0m
RAW ADC = 1137 RAW ADC = 1185 RAW ADC = 1200 RAW ADC = 1264 RAW ADC = 1281 RAW ADC = 1281 RAW ADC = 1281 RAW ADC = 1280 RAW ADC = 1329 RAW ADC = 1281 RAW ADC = 1264 RAW ADC = 1280 RAW ADC = 1361 RAW ADC = 1329 RAW ADC = 1264 RAW ADC = 1265 RAW ADC = 1281 RAW ADC = 1281 RAW ADC = 1281 RAW ADC = 1281 RAW ADC = 1280 RAW ADC = 1296 RAW ADC = 1280 RAW ADC = 1297 RAW ADC = 1120 RAW ADC = 1120 RAW ADC = 1120 RAW ADC = 1184 RAW ADC = 1217 RAW ADC = 1217 RAW ADC = 1232 RAW ADC = 1232 RAW ADC = 1233 RAW ADC = 1248 RAW ADC = 1264 RAW ADC = 1264 RAW ADC = 1265 RAW ADC = 1265 RAW ADC = 1265 RAW ADC = 1265 RAW ADC = 1281 RAW ADC = 1281 RAW ADC = 1281 RAW ADC = 1281 RAW ADC = 1281 RAW ADC = 1281 RAW ADC = 1280 RAW ADC = 1281 RAW ADC = 1296 RAW ADC = 1281 RAW ADC = 1296 RAW ADC = 1281 RAW ADC = 1280 RAW ADC = 1281 RAW ADC = 1281 RAW ADC = 1280 RAW ADC = 1296 RAW ADC = 1281 RAW ADC = 1281 RAW ADC = 1